<html>
<body>
<pre>
<h1>µVision Build Log</h1>
<h2>Tool Versions:</h2>
IDE-Version: µVision V5.20.0.39
Copyright (C) 2016 ARM Ltd and ARM Germany GmbH. All rights reserved.
License Information: tom ton.ix.tom@hotmail.com, tom, LIC=X96CX-H31GG-JJN6S-L7KST-TI5FJ-4S56K
 
Tool Versions:
Toolchain:       MDK-ARM Plus  Version: 5.25.2.0
Toolchain Path:  G:\softs\kile_v5_S\ARM\ARMCC\Bin
C Compiler:      Armcc.exe V5.06 update 6 (build 750)
Assembler:       Armasm.exe V5.06 update 6 (build 750)
Linker/Locator:  ArmLink.exe V5.06 update 6 (build 750)
Library Manager: ArmAr.exe V5.06 update 6 (build 750)
Hex Converter:   FromElf.exe V5.06 update 6 (build 750)
CPU DLL:         SARMCM3.DLL V5.25.2.0
Dialog DLL:      DARMSTM.DLL V1.68.0.0
Target DLL:      Segger\JL2CM3.dll V2.99.29.0
Dialog DLL:      TARMSTM.DLL V1.66.0.0
 
<h2>Project:</h2>
C:\Users\tonix\Desktop\key_matrix_stm32\key_matrix.uvproj
Project File Date:  02/11/2020

<h2>Output:</h2>
*** Using Compiler 'V5.06 update 6 (build 750)', folder: 'G:\softs\kile_v5_S\ARM\ARMCC\Bin'
Rebuild target 'key_matrix'
assembling stm32f10x_vector.s...
compiling main.c...
compiling stm32f10x_it.c...
linking...
Program Size: Code=1744 RO-data=336 RW-data=32 ZI-data=2144  
FromELF: creating hex file...
".\Obj\key_matrix.axf" - 0 Error(s), 0 Warning(s).
Build Time Elapsed:  00:00:01
</pre>
</body>
</html>
